Microchip MPLAB XC8 Compiler V2.41

Linker command line:

-W-3 \
  --edf=C:/Program Files/Microchip/MPLABX/v6.10/packs/Microchip/PIC16F1xxxx_DFP/1.18.352/xc8\pic\dat\20230322162823_en.msgs \
  -cn -h+dist/default/production\PIC16F-OLED.X.production.sym \
  --cmf=dist/default/production\PIC16F-OLED.X.production.cmf -z -Q16F18877 \
  -oC:\Users\User\AppData\Local\Temp\xcAsd8g.\driver_tmp_3.o \
  --defsym=__MPLAB_BUILD=1 --fixupoverflow=error \
  -Mdist/default/production/PIC16F-OLED.X.production.map \
  --md=C:\Users\User\AppData\Local\Temp\xcAsd8g.\driver_tmp_0.dat -E1 \
  -ver=XC8 Compiler --acfsm=1493 -ACODE=00h-07FFhx16 -ASTRCODE=00h-07FFFh \
  -ASTRING=00h-0FFhx128 -ACONST=00h-0FFhx128 -AENTRY=00h-0FFhx128 \
  -ACOMMON=070h-07Fh -ABANK0=020h-06Fh -ABANK1=0A0h-0EFh \
  -ABANK2=0120h-016Fh -ABANK3=01A0h-01EFh -ABANK4=0220h-026Fh \
  -ABANK5=02A0h-02EFh -ABANK6=0320h-036Fh -ABANK7=03A0h-03EFh \
  -ABANK8=0420h-046Fh -ABANK9=04A0h-04EFh -ABANK10=0520h-056Fh \
  -ABANK11=05A0h-05EFh -ABANK12=0620h-066Fh -ABANK13=06A0h-06EFh \
  -ABANK14=0720h-076Fh -ABANK15=07A0h-07EFh -ABANK16=0820h-086Fh \
  -ABANK17=08A0h-08EFh -ABANK18=0920h-096Fh -ABANK19=09A0h-09EFh \
  -ABANK20=0A20h-0A6Fh -ABANK21=0AA0h-0AEFh -ABANK22=0B20h-0B6Fh \
  -ABANK23=0BA0h-0BEFh -ABANK24=0C20h-0C6Fh -ABANK25=0CA0h-0CEFh \
  -ABANK26=0D20h-0D6Fh -ABANK27=0DA0h-0DEFh -ABANK28=0E20h-0E6Fh \
  -ABANK29=0EA0h-0EEFh -ABANK30=0F20h-0F6Fh -ABANK31=0FA0h-0FEFh \
  -ABANK32=01020h-0106Fh -ABANK33=010A0h-010EFh -ABANK34=01120h-0116Fh \
  -ABANK35=011A0h-011EFh -ABANK36=01220h-0126Fh -ABANK37=012A0h-012EFh \
  -ABANK38=01320h-0136Fh -ABANK39=013A0h-013EFh -ABANK40=01420h-0146Fh \
  -ABANK41=014A0h-014EFh -ABANK42=01520h-0156Fh -ABANK43=015A0h-015EFh \
  -ABANK44=01620h-0166Fh -ABANK45=016A0h-016EFh -ABANK46=01720h-0176Fh \
  -ABANK47=017A0h-017EFh -ABANK48=01820h-0186Fh -ABANK49=018A0h-018EFh \
  -ABANK50=01920h-0196Fh -ABIGRAM=02000h-02FEFh \
  -ARAM=020h-06Fh,0A0h-0EFh,0120h-016Fh,01A0h-01EFh,0220h-026Fh,02A0h-02EFh,0320h-036Fh,03A0h-03EFh,0420h-046Fh,04A0h-04EFh,0520h-056Fh,05A0h-05EFh,0620h-066Fh,06A0h-06EFh,0720h-076Fh,07A0h-07EFh,0820h-086Fh,08A0h-08EFh,0920h-096Fh,09A0h-09EFh,0A20h-0A6Fh,0AA0h-0AEFh,0B20h-0B6Fh,0BA0h-0BEFh,0C20h-0C6Fh,0CA0h-0CEFh,0D20h-0D6Fh,0DA0h-0DEFh,0E20h-0E6Fh,0EA0h-0EEFh,0F20h-0F6Fh,0FA0h-0FEFh,01020h-0106Fh,010A0h-010EFh,01120h-0116Fh,011A0h-011EFh,01220h-0126Fh,012A0h-012EFh,01320h-0136Fh,013A0h-013EFh,01420h-0146Fh,014A0h-014EFh,01520h-0156Fh,015A0h-015EFh,01620h-0166Fh,016A0h-016EFh,01720h-0176Fh,017A0h-017EFh,01820h-0186Fh,018A0h-018EFh,01920h-0196Fh \
  -AABS1=020h-07Fh,0A0h-0EFh,0120h-016Fh,01A0h-01EFh,0220h-026Fh,02A0h-02EFh,0320h-036Fh,03A0h-03EFh,0420h-046Fh,04A0h-04EFh,0520h-056Fh,05A0h-05EFh,0620h-066Fh,06A0h-06EFh,0720h-076Fh,07A0h-07EFh,0820h-086Fh,08A0h-08EFh,0920h-096Fh,09A0h-09EFh,0A20h-0A6Fh,0AA0h-0AEFh,0B20h-0B6Fh,0BA0h-0BEFh,0C20h-0C6Fh,0CA0h-0CEFh,0D20h-0D6Fh,0DA0h-0DEFh,0E20h-0E6Fh,0EA0h-0EEFh,0F20h-0F6Fh,0FA0h-0FEFh,01020h-0106Fh,010A0h-010EFh,01120h-0116Fh,011A0h-011EFh,01220h-0126Fh,012A0h-012EFh,01320h-0136Fh,013A0h-013EFh,01420h-0146Fh,014A0h-014EFh,01520h-0156Fh,015A0h-015EFh,01620h-0166Fh,016A0h-016EFh,01720h-0176Fh,017A0h-017EFh,01820h-0186Fh,018A0h-018EFh,01920h-0196Fh \
  -ASFR0=00h-01Fh -ASFR1=080h-09Fh -ASFR2=0100h-011Fh -ASFR3=0180h-019Fh \
  -ASFR4=0200h-021Fh -ASFR5=0280h-029Fh -ASFR6=0300h-031Fh \
  -ASFR7=0380h-039Fh -ASFR8=0400h-041Fh -ASFR9=0480h-049Fh \
  -ASFR10=0500h-051Fh -ASFR11=0580h-059Fh -ASFR12=0600h-061Fh \
  -ASFR13=0680h-069Fh -ASFR14=0700h-071Fh -ASFR15=0780h-079Fh \
  -ASFR16=0800h-081Fh -ASFR17=0880h-089Fh -ASFR18=0900h-091Fh \
  -ASFR19=0980h-099Fh -ASFR20=0A00h-0A1Fh -ASFR21=0A80h-0A9Fh \
  -ASFR22=0B00h-0B1Fh -ASFR23=0B80h-0B9Fh -ASFR24=0C00h-0C1Fh \
  -ASFR25=0C80h-0C9Fh -ASFR26=0D00h-0D1Fh -ASFR27=0D80h-0D9Fh \
  -ASFR28=0E00h-0E1Fh -ASFR29=0E80h-0E9Fh -ASFR30=0F00h-0F1Fh \
  -ASFR31=0F80h-0F9Fh -ASFR32=01000h-0101Fh -ASFR33=01080h-0109Fh \
  -ASFR34=01100h-0111Fh -ASFR35=01180h-0119Fh -ASFR36=01200h-0121Fh \
  -ASFR37=01280h-0129Fh -ASFR38=01300h-0131Fh -ASFR39=01380h-0139Fh \
  -ASFR40=01400h-0141Fh -ASFR41=01480h-0149Fh -ASFR42=01500h-0151Fh \
  -ASFR43=01580h-0159Fh -ASFR44=01600h-0161Fh -ASFR45=01680h-0169Fh \
  -ASFR46=01700h-0171Fh -ASFR47=01780h-0179Fh -ASFR48=01800h-0181Fh \
  -ASFR49=01880h-0189Fh -ASFR50=01900h-0191Fh -ASFR51=01980h-019EFh \
  -ASFR52=01A00h-01A6Fh -ASFR53=01A80h-01AEFh -ASFR54=01B00h-01B6Fh \
  -ASFR55=01B80h-01BEFh -ASFR56=01C00h-01C6Fh -ASFR57=01C80h-01CEFh \
  -ASFR58=01D00h-01D6Fh -ASFR59=01D80h-01DEFh -ASFR60=01E00h-01E6Fh \
  -ASFR61=01E80h-01EEFh -ASFR62=01F00h-01F6Fh -ASFR63=01F80h-01FEFh \
  -ACONFIG=08007h-0800Bh -DCONFIG=2 -AIDLOC=08000h-08003h -DIDLOC=2 \
  -AEEDATA=00h-0FFh/0F000h -peeprom_data=EEDATA -DEEDATA=2 -DCODE=2 \
  -DSTRCODE=2 -DSTRING=2 -DCONST=2 -DENTRY=2 \
  -preset_vec=00h,intentry=04h,init,end_init -ppowerup=CODE -pcinit=CODE \
  -pfunctab=ENTRY -k \
  C:\Users\User\AppData\Local\Temp\xcAsd8g.\driver_tmp_20.o \
  dist/default/production\PIC16F-OLED.X.production.o 

Object code version is 3.11

Machine type is 16F18877



                Name                               Link     Load   Length Selector   Space Scale
C:\Users\User\AppData\Local\Temp\xcAsd8g.\driver_tmp_20.o
                end_init                             24       24        2        8       0
                reset_vec                             0        0        2        0       0
                config                             8007     8007        5        0       4
dist/default/production\PIC16F-OLED.X.production.o
                cinit                                26       26       16        8       0
                intentry                              4        4       20        8       0
                config                             8007     8007        5        0       4
                text78                              F0F      F0F        3     1E1E       0
                text77                              F12      F12        3     1E24       0
                text76                              5F2      5F2       24      438       0
                text75                              FD0      FD0        B     1FA0       0
                text74                              7E7      7E7        E      FB2       0
                text73                              77B      77B       11      E4A       0
                text72                              76A      76A       11      E4A       0
                text71                              759      759       11      E4A       0
                text70                              748      748       11      E4A       0
                text69                              6FB      6FB       18      C6C       0
                text68                              F0D      F0D        2     1E1A       0
                text67                                2        2        2        0       0
                text66                              F15      F15        3     1E2A       0
                text65                              F30      F30        4     1E60       0
                text64                              F18      F18        3     1E30       0
                text63                              F34      F34        4     1E68       0
                text62                              F3C      F3C        5     1E78       0
                text61                              F73      F73        6     1EE6       0
                text60                              F1B      F1B        3     1E36       0
                text59                              500      500       2D      438       0
                text58                              F41      F41        5     1E82       0
                text57                              FB5      FB5        9     1F6A       0
                text56                              FA5      FA5        8     1F4A       0
                text55                              357      357       53      438       0
                text54                              43D      43D       43      438       0
                text53                              F97      F97        7     1F2E       0
                text52                              F46      F46        5     1E8C       0
                text51                              F4B      F4B        5     1E96       0
                text50                              F50      F50        5     1EA0       0
                text49                              F55      F55        5     1EAA       0
                text48                              F5A      F5A        5     1EB4       0
                text47                              F5F      F5F        5     1EBE       0
                text46                              F64      F64        5     1EC8       0
                text45                              F69      F69        5     1ED2       0
                text44                              580      580       28      438       0
                text43                              F1E      F1E        3     1E3C       0
                text42                              558      558       28      438       0
                text41                              F38      F38        4     1E70       0
                text39                              F21      F21        3     1E42       0
                text38                              F24      F24        3     1E48       0
                text37                              F27      F27        3     1E4E       0
                text36                              6E3      6E3       18      C6C       0
                text35                              F2A      F2A        3     1E54       0
                text34                              6B0      6B0       1A      C6C       0
                text33                              F6E      F6E        5     1EDC       0
                text32                              F2D      F2D        3     1E5A       0
                text31                              FF3      FF3        D     1FE6       0
                text30                              F79      F79        6     1EF2       0
                text29                              480      480       41      438       0
                text28                              5CD      5CD       25      438       0
                text27                              FDB      FDB        C     1FB6       0
                text26                              7D9      7D9        E      FB2       0
                text25                              52D      52D       2B      438       0
                text24                              7AC      7AC       10      E4A       0
                text23                              725      725       12      E4A       0
                text22                              737      737       11      E4A       0
                text21                              692      692       1E      C6C       0
                text20                              674      674       1E      C6C       0
                text19                              FE7      FE7        C     1FCE       0
                text18                              F9E      F9E        7     1F3C       0
                text17                              2F8      2F8       5F      438       0
                text16                              3AA      3AA       4A      438       0
                text15                              656      656       1E      C6C       0
                text14                              79C      79C       10      E4A       0
                text13                              21C      21C       71      438       0
                text12                              636      636       20      C6C       0
                text11                              4C1      4C1       3F      438       0
                text10                              6CA      6CA       19      C6C       0
                text9                               F7F      F7F        6     1EFE       0
                text8                               F85      F85        6     1F0A       0
                text7                               F8B      F8B        6     1F16       0
                text6                               5A8      5A8       25      438       0
                text5                               FBE      FBE        9     1F7C       0
                text4                               FC7      FC7        9     1F8E       0
                text3                               3F4      3F4       49      438       0
                text2                               FAD      FAD        8     1F5A       0
                text1                               78C      78C       10      E4A       0
                maintext                            28D      28D       6B      438       0
                cstackBANK0                          43       43       20       20       1
                cstackCOMMON                         70       70        C       70       1
                clrtext                             F91      F91        6     1F22       0
                bssBANK1                             A0       A0       20       A0       1
                bssBANK0                             20       20       23       20       1
                bssCOMMON                            7C       7C        2       70       1
                stringtext8                        100B     100B        7     2000       0
                stringtext7                        1000     1000        B     2000       0
                stringtext6                         7F5      7F5        D      FEA       0
                stringtext5                         7CB      7CB        E      F78       0
                stringtext4                         7BC      7BC        F      F78       0
                stringtext3                         713      713       12      E26       0
                nvBANK0                              63       63        6       20       1
                stringtext2                         616      616       20      C2C       0
                stringtext1                          3C       3C      1E0       78       0

TOTAL           Name                               Link     Load   Length     Space
        CLASS   CODE           
                end_init                             24       24        2         0
                cinit                                26       26       16         0
                intentry                              4        4       20         0
                reset_vec                             0        0        2         0
                text78                              F0F      F0F        3         0
                text77                              F12      F12        3         0
                text76                              5F2      5F2       24         0
                text75                              FD0      FD0        B         0
                text74                              7E7      7E7        E         0
                text73                              77B      77B       11         0
                text72                              76A      76A       11         0
                text71                              759      759       11         0
                text70                              748      748       11         0
                text69                              6FB      6FB       18         0
                text68                              F0D      F0D        2         0
                text67                                2        2        2         0
                text66                              F15      F15        3         0
                text65                              F30      F30        4         0
                text64                              F18      F18        3         0
                text63                              F34      F34        4         0
                text62                              F3C      F3C        5         0
                text61                              F73      F73        6         0
                text60                              F1B      F1B        3         0
                text59                              500      500       2D         0
                text58                              F41      F41        5         0
                text57                              FB5      FB5        9         0
                text56                              FA5      FA5        8         0
                text55                              357      357       53         0
                text54                              43D      43D       43         0
                text53                              F97      F97        7         0
                text52                              F46      F46        5         0
                text51                              F4B      F4B        5         0
                text50                              F50      F50        5         0
                text49                              F55      F55        5         0
                text48                              F5A      F5A        5         0
                text47                              F5F      F5F        5         0
                text46                              F64      F64        5         0
                text45                              F69      F69        5         0
                text44                              580      580       28         0
                text43                              F1E      F1E        3         0
                text42                              558      558       28         0
                text41                              F38      F38        4         0
                text39                              F21      F21        3         0
                text38                              F24      F24        3         0
                text37                              F27      F27        3         0
                text36                              6E3      6E3       18         0
                text35                              F2A      F2A        3         0
                text34                              6B0      6B0       1A         0
                text33                              F6E      F6E        5         0
                text32                              F2D      F2D        3         0
                text31                              FF3      FF3        D         0
                text30                              F79      F79        6         0
                text29                              480      480       41         0
                text28                              5CD      5CD       25         0
                text27                              FDB      FDB        C         0
                text26                              7D9      7D9        E         0
                text25                              52D      52D       2B         0
                text24                              7AC      7AC       10         0
                text23                              725      725       12         0
                text22                              737      737       11         0
                text21                              692      692       1E         0
                text20                              674      674       1E         0
                text19                              FE7      FE7        C         0
                text18                              F9E      F9E        7         0
                text17                              2F8      2F8       5F         0
                text16                              3AA      3AA       4A         0
                text15                              656      656       1E         0
                text14                              79C      79C       10         0
                text13                              21C      21C       71         0
                text12                              636      636       20         0
                text11                              4C1      4C1       3F         0
                text10                              6CA      6CA       19         0
                text9                               F7F      F7F        6         0
                text8                               F85      F85        6         0
                text7                               F8B      F8B        6         0
                text6                               5A8      5A8       25         0
                text5                               FBE      FBE        9         0
                text4                               FC7      FC7        9         0
                text3                               3F4      3F4       49         0
                text2                               FAD      FAD        8         0
                text1                               78C      78C       10         0
                maintext                            28D      28D       6B         0
                clrtext                             F91      F91        6         0

        CLASS   STRCODE        
                stringtext8                        100B     100B        7         0
                stringtext7                        1000     1000        B         0
                stringtext6                         7F5      7F5        D         0
                stringtext5                         7CB      7CB        E         0
                stringtext4                         7BC      7BC        F         0
                stringtext3                         713      713       12         0
                stringtext2                         616      616       20         0
                stringtext1                          3C       3C      1E0         0

        CLASS   STRING         

        CLASS   CONST          

        CLASS   ENTRY          

        CLASS   COMMON         
                cstackCOMMON                         70       70        C         1
                bssCOMMON                            7C       7C        2         1

        CLASS   BANK0          
                cstackBANK0                          43       43       20         1
                bssBANK0                             20       20       23         1
                nvBANK0                              63       63        6         1

        CLASS   BANK1          
                bssBANK1                             A0       A0       20         1

        CLASS   BANK2          

        CLASS   BANK3          

        CLASS   BANK4          

        CLASS   BANK5          

        CLASS   BANK6          

        CLASS   BANK7          

        CLASS   BANK8          

        CLASS   BANK9          

        CLASS   BANK10         

        CLASS   BANK11         

        CLASS   BANK12         

        CLASS   BANK13         

        CLASS   BANK14         

        CLASS   BANK15         

        CLASS   BANK16         

        CLASS   BANK17         

        CLASS   BANK18         

        CLASS   BANK19         

        CLASS   BANK20         

        CLASS   BANK21         

        CLASS   BANK22         

        CLASS   BANK23         

        CLASS   BANK24         

        CLASS   BANK25         

        CLASS   BANK26         

        CLASS   BANK27         

        CLASS   BANK28         

        CLASS   BANK29         

        CLASS   BANK30         

        CLASS   BANK31         

        CLASS   BANK32         

        CLASS   BANK33         

        CLASS   BANK34         

        CLASS   BANK35         

        CLASS   BANK36         

        CLASS   BANK37         

        CLASS   BANK38         

        CLASS   BANK39         

        CLASS   BANK40         

        CLASS   BANK41         

        CLASS   BANK42         

        CLASS   BANK43         

        CLASS   BANK44         

        CLASS   BANK45         

        CLASS   BANK46         

        CLASS   BANK47         

        CLASS   BANK48         

        CLASS   BANK49         

        CLASS   BANK50         

        CLASS   BIGRAM         

        CLASS   RAM            

        CLASS   ABS1           
                abs_s1                               7E       7E        2         1

        CLASS   SFR0           

        CLASS   SFR1           

        CLASS   SFR2           

        CLASS   SFR3           

        CLASS   SFR4           

        CLASS   SFR5           

        CLASS   SFR6           

        CLASS   SFR7           

        CLASS   SFR8           

        CLASS   SFR9           

        CLASS   SFR10          

        CLASS   SFR11          

        CLASS   SFR12          

        CLASS   SFR13          

        CLASS   SFR14          

        CLASS   SFR15          

        CLASS   SFR16          

        CLASS   SFR17          

        CLASS   SFR18          

        CLASS   SFR19          

        CLASS   SFR20          

        CLASS   SFR21          

        CLASS   SFR22          

        CLASS   SFR23          

        CLASS   SFR24          

        CLASS   SFR25          

        CLASS   SFR26          

        CLASS   SFR27          

        CLASS   SFR28          

        CLASS   SFR29          

        CLASS   SFR30          

        CLASS   SFR31          

        CLASS   SFR32          

        CLASS   SFR33          

        CLASS   SFR34          

        CLASS   SFR35          

        CLASS   SFR36          

        CLASS   SFR37          

        CLASS   SFR38          

        CLASS   SFR39          

        CLASS   SFR40          

        CLASS   SFR41          

        CLASS   SFR42          

        CLASS   SFR43          

        CLASS   SFR44          

        CLASS   SFR45          

        CLASS   SFR46          

        CLASS   SFR47          

        CLASS   SFR48          

        CLASS   SFR49          

        CLASS   SFR50          

        CLASS   SFR51          

        CLASS   SFR52          

        CLASS   SFR53          

        CLASS   SFR54          

        CLASS   SFR55          

        CLASS   SFR56          

        CLASS   SFR57          

        CLASS   SFR58          

        CLASS   SFR59          

        CLASS   SFR60          

        CLASS   SFR61          

        CLASS   SFR62          

        CLASS   SFR63          

        CLASS   CONFIG         
                config                             8007     8007        5         4

        CLASS   IDLOC          

        CLASS   EEDATA         

        CLASS   BANK63         

        CLASS   BANK62         

        CLASS   BANK61         

        CLASS   BANK60         

        CLASS   BANK59         

        CLASS   BANK58         

        CLASS   BANK57         

        CLASS   BANK56         

        CLASS   BANK55         

        CLASS   BANK54         

        CLASS   BANK53         

        CLASS   BANK52         

        CLASS   BANK51         

        CLASS   HEAP           

        CLASS   STACK          



SEGMENTS        Name                           Load    Length   Top    Selector   Space  Class     Delta

                reset_vec                      000000  000004  000004         0       0  CODE        2
                intentry                       000004  000038  00003C         8       0  CODE        2
                bssBANK0                       000020  000049  000069        20       1  BANK0       1
                cstackCOMMON                   000070  00000E  00007E        70       1  COMMON      1
                stringtext1                    00003C  0001E0  00021C        78       0  STRCODE     2
                bssBANK1                       0000A0  000020  0000C0        A0       1  BANK1       1
                text13                         00021C  0003FA  000616       438       0  CODE        2
                stringtext2                    000616  000020  000636       C2C       0  STRCODE     2
                text12                         000636  0000DD  000713       C6C       0  CODE        2
                stringtext3                    000713  000012  000725       E26       0  STRCODE     2
                text23                         000725  000097  0007BC       E4A       0  CODE        2
                stringtext4                    0007BC  00001D  0007D9       F78       0  STRCODE     2
                text26                         0007D9  00001C  0007F5       FB2       0  CODE        2
                stringtext6                    0007F5  00000D  000802       FEA       0  STRCODE     2
                text68                         000F0D  000002  000F0F      1E1A       0  CODE        2
                text78                         000F0F  000003  000F12      1E1E       0  CODE        2
                text77                         000F12  000003  000F15      1E24       0  CODE        2
                text66                         000F15  000003  000F18      1E2A       0  CODE        2
                text64                         000F18  000003  000F1B      1E30       0  CODE        2
                text60                         000F1B  000003  000F1E      1E36       0  CODE        2
                text43                         000F1E  000003  000F21      1E3C       0  CODE        2
                text39                         000F21  000003  000F24      1E42       0  CODE        2
                text38                         000F24  000003  000F27      1E48       0  CODE        2
                text37                         000F27  000003  000F2A      1E4E       0  CODE        2
                text35                         000F2A  000003  000F2D      1E54       0  CODE        2
                text32                         000F2D  000003  000F30      1E5A       0  CODE        2
                text65                         000F30  000004  000F34      1E60       0  CODE        2
                text63                         000F34  000004  000F38      1E68       0  CODE        2
                text41                         000F38  000004  000F3C      1E70       0  CODE        2
                text62                         000F3C  000005  000F41      1E78       0  CODE        2
                text58                         000F41  000005  000F46      1E82       0  CODE        2
                text52                         000F46  000005  000F4B      1E8C       0  CODE        2
                text51                         000F4B  000005  000F50      1E96       0  CODE        2
                text50                         000F50  000005  000F55      1EA0       0  CODE        2
                text49                         000F55  000005  000F5A      1EAA       0  CODE        2
                text48                         000F5A  000005  000F5F      1EB4       0  CODE        2
                text47                         000F5F  000005  000F64      1EBE       0  CODE        2
                text46                         000F64  000005  000F69      1EC8       0  CODE        2
                text45                         000F69  000005  000F6E      1ED2       0  CODE        2
                text33                         000F6E  000005  000F73      1EDC       0  CODE        2
                text61                         000F73  000006  000F79      1EE6       0  CODE        2
                text30                         000F79  000006  000F7F      1EF2       0  CODE        2
                text9                          000F7F  000006  000F85      1EFE       0  CODE        2
                text8                          000F85  000006  000F8B      1F0A       0  CODE        2
                text7                          000F8B  000006  000F91      1F16       0  CODE        2
                clrtext                        000F91  000006  000F97      1F22       0  CODE        2
                text53                         000F97  000007  000F9E      1F2E       0  CODE        2
                text18                         000F9E  000007  000FA5      1F3C       0  CODE        2
                text56                         000FA5  000008  000FAD      1F4A       0  CODE        2
                text2                          000FAD  000008  000FB5      1F5A       0  CODE        2
                text57                         000FB5  000009  000FBE      1F6A       0  CODE        2
                text5                          000FBE  000009  000FC7      1F7C       0  CODE        2
                text4                          000FC7  000009  000FD0      1F8E       0  CODE        2
                text75                         000FD0  00000B  000FDB      1FA0       0  CODE        2
                text27                         000FDB  00000C  000FE7      1FB6       0  CODE        2
                text19                         000FE7  00000C  000FF3      1FCE       0  CODE        2
                text31                         000FF3  00000D  001000      1FE6       0  CODE        2
                stringtext7                    001000  000012  001012      2000       0  STRCODE     2


UNUSED ADDRESS RANGES

        Name                Unused          Largest block    Delta
        BANK0            00069-0006F               7           1
        BANK1            000C0-000EF              30           1
        BANK10           00520-0056F              50           1
        BANK11           005A0-005EF              50           1
        BANK12           00620-0066F              50           1
        BANK13           006A0-006EF              50           1
        BANK14           00720-0076F              50           1
        BANK15           007A0-007EF              50           1
        BANK16           00820-0086F              50           1
        BANK17           008A0-008EF              50           1
        BANK18           00920-0096F              50           1
        BANK19           009A0-009EF              50           1
        BANK2            00120-0016F              50           1
        BANK20           00A20-00A6F              50           1
        BANK21           00AA0-00AEF              50           1
        BANK22           00B20-00B6F              50           1
        BANK23           00BA0-00BEF              50           1
        BANK24           00C20-00C6F              50           1
        BANK25           00CA0-00CEF              50           1
        BANK26           00D20-00D6F              50           1
        BANK27           00DA0-00DEF              50           1
        BANK28           00E20-00E6F              50           1
        BANK29           00EA0-00EEF              50           1
        BANK3            001A0-001EF              50           1
        BANK30           00F20-00F6F              50           1
        BANK31           00FA0-00FEF              50           1
        BANK32           01020-0106F              50           1
        BANK33           010A0-010EF              50           1
        BANK34           01120-0116F              50           1
        BANK35           011A0-011EF              50           1
        BANK36           01220-0126F              50           1
        BANK37           012A0-012EF              50           1
        BANK38           01320-0136F              50           1
        BANK39           013A0-013EF              50           1
        BANK4            00220-0026F              50           1
        BANK40           01420-0146F              50           1
        BANK41           014A0-014EF              50           1
        BANK42           01520-0156F              50           1
        BANK43           015A0-015EF              50           1
        BANK44           01620-0166F              50           1
        BANK45           016A0-016EF              50           1
        BANK46           01720-0176F              50           1
        BANK47           017A0-017EF              50           1
        BANK48           01820-0186F              50           1
        BANK49           018A0-018EF              50           1
        BANK5            002A0-002EF              50           1
        BANK50           01920-0196F              50           1
        BANK6            00320-0036F              50           1
        BANK7            003A0-003EF              50           1
        BANK8            00420-0046F              50           1
        BANK9            004A0-004EF              50           1
        BIGRAM           02000-02FEF             FF0           1
        CODE             00802-00F0C             70B           2
                         01012-07FFF             800
        CONST            00802-00F0C             100           2
                         01012-07FFF             100
        EEDATA           0F000-0F0FF             100           2
        ENTRY            00802-00F0C             100           2
                         01012-07FFF             100
        IDLOC            08000-08003               4           2
        RAM              00069-0006F               7           1
                         000C0-000EF              30
                         00120-0016F              50
                         001A0-001EF              50
                         00220-0026F              50
                         002A0-002EF              50
                         00320-0036F              50
                         003A0-003EF              50
                         00420-0046F              50
                         004A0-004EF              50
                         00520-0056F              50
                         005A0-005EF              50
                         00620-0066F              50
                         006A0-006EF              50
                         00720-0076F              50
                         007A0-007EF              50
                         00820-0086F              50
                         008A0-008EF              50
                         00920-0096F              50
                         009A0-009EF              50
                         00A20-00A6F              50
                         00AA0-00AEF              50
                         00B20-00B6F              50
                         00BA0-00BEF              50
                         00C20-00C6F              50
                         00CA0-00CEF              50
                         00D20-00D6F              50
                         00DA0-00DEF              50
                         00E20-00E6F              50
                         00EA0-00EEF              50
                         00F20-00F6F              50
                         00FA0-00FEF              50
                         01020-0106F              50
                         010A0-010EF              50
                         01120-0116F              50
                         011A0-011EF              50
                         01220-0126F              50
                         012A0-012EF              50
                         01320-0136F              50
                         013A0-013EF              50
                         01420-0146F              50
                         014A0-014EF              50
                         01520-0156F              50
                         015A0-015EF              50
                         01620-0166F              50
                         016A0-016EF              50
                         01720-0176F              50
                         017A0-017EF              50
                         01820-0186F              50
                         018A0-018EF              50
                         01920-0196F              50
        SFR0             00000-0001F              20           1
        SFR1             00080-0009F              20           1
        SFR10            00500-0051F              20           1
        SFR11            00580-0059F              20           1
        SFR12            00600-0061F              20           1
        SFR13            00680-0069F              20           1
        SFR14            00700-0071F              20           1
        SFR15            00780-0079F              20           1
        SFR16            00800-0081F              20           1
        SFR17            00880-0089F              20           1
        SFR18            00900-0091F              20           1
        SFR19            00980-0099F              20           1
        SFR2             00100-0011F              20           1
        SFR20            00A00-00A1F              20           1
        SFR21            00A80-00A9F              20           1
        SFR22            00B00-00B1F              20           1
        SFR23            00B80-00B9F              20           1
        SFR24            00C00-00C1F              20           1
        SFR25            00C80-00C9F              20           1
        SFR26            00D00-00D1F              20           1
        SFR27            00D80-00D9F              20           1
        SFR28            00E00-00E1F              20           1
        SFR29            00E80-00E9F              20           1
        SFR3             00180-0019F              20           1
        SFR30            00F00-00F1F              20           1
        SFR31            00F80-00F9F              20           1
        SFR32            01000-0101F              20           1
        SFR33            01080-0109F              20           1
        SFR34            01100-0111F              20           1
        SFR35            01180-0119F              20           1
        SFR36            01200-0121F              20           1
        SFR37            01280-0129F              20           1
        SFR38            01300-0131F              20           1
        SFR39            01380-0139F              20           1
        SFR4             00200-0021F              20           1
        SFR40            01400-0141F              20           1
        SFR41            01480-0149F              20           1
        SFR42            01500-0151F              20           1
        SFR43            01580-0159F              20           1
        SFR44            01600-0161F              20           1
        SFR45            01680-0169F              20           1
        SFR46            01700-0171F              20           1
        SFR47            01780-0179F              20           1
        SFR48            01800-0181F              20           1
        SFR49            01880-0189F              20           1
        SFR5             00280-0029F              20           1
        SFR50            01900-0191F              20           1
        SFR51            01980-019EF              70           1
        SFR52            01A00-01A6F              70           1
        SFR53            01A80-01AEF              70           1
        SFR54            01B00-01B6F              70           1
        SFR55            01B80-01BEF              70           1
        SFR56            01C00-01C6F              70           1
        SFR57            01C80-01CEF              70           1
        SFR58            01D00-01D6F              70           1
        SFR59            01D80-01DEF              70           1
        SFR6             00300-0031F              20           1
        SFR60            01E00-01E6F              70           1
        SFR61            01E80-01EEF              70           1
        SFR62            01F00-01F6F              70           1
        SFR63            01F80-01FEF              70           1
        SFR7             00380-0039F              20           1
        SFR8             00400-0041F              20           1
        SFR9             00480-0049F              20           1
        STRCODE          00802-00F0C             70B           2
                         01012-07FFF            6FEE
        STRING           00802-00F0C             100           2
                         01012-07FFF             100

                                  Symbol Table

?___wmul                                       cstackBANK0  00043
?_printf                                       cstackBANK0  0005E
?_vfprintf                                     cstackBANK0  00056
EUSART_SetErrorHandler@interruptHandler        cstackBANK0  00043
EUSART_SetFramingErrorHandler@interruptHandler cstackBANK0  00043
EUSART_SetOverrunErrorHandler@interruptHandler cstackBANK0  00043
EUSART_Write@txData                            cstackBANK0  00043
I2C1_CallbackReturnReset@funPtr                cstackCOMMON 00077
I2C1_Close@returnValue                         cstackBANK0  00043
I2C1_MasterOperation@read                      cstackBANK0  00043
I2C1_MasterOperation@returnValue               cstackBANK0  00044
I2C1_MasterSendTxData@data                     cstackCOMMON 00070
I2C1_Open@address                              cstackBANK0  00045
I2C1_Open@returnValue                          cstackBANK0  00046
I2C1_SetAddressNackCallback@cb                 cstackBANK0  00047
I2C1_SetAddressNackCallback@ptr                cstackBANK0  00049
I2C1_SetBuffer@buffer                          cstackBANK0  00045
I2C1_SetBuffer@bufferSize                      cstackBANK0  00043
I2C1_SetCallback@cb                            cstackBANK0  00043
I2C1_SetCallback@idx                           cstackBANK0  00046
I2C1_SetCallback@ptr                           cstackBANK0  00045
I2C1_SetDataCompleteCallback@cb                cstackCOMMON 00074
I2C1_SetDataCompleteCallback@ptr               cstackCOMMON 00076
I2C1_SetInterruptHandler@InterruptHandler      cstackBANK0  00043
I2C1_WriteNBytes@address                       cstackBANK0  0004E
I2C1_WriteNBytes@data                          cstackBANK0  0004B
I2C1_WriteNBytes@len                           cstackBANK0  0004C
Oled_Clear@i                                   cstackBANK0  00055
Oled_Fill@i                                    cstackBANK0  00055
Oled_SelectPage@Result                         cstackBANK0  00053
Oled_SelectPage@page_num                       cstackBANK0  00052
Oled_WriteCharacter@character                  cstackBANK0  00058
Oled_WriteCharacter@i                          cstackBANK0  00059
Oled_WriteString@characters                    cstackBANK0  0005B
_ANSELA                                        (abs)        01F38
_ANSELB                                        (abs)        01F43
_ANSELC                                        (abs)        01F4E
_ANSELD                                        (abs)        01F59
_ANSELE                                        (abs)        01F64
_ASCII                                         stringtext1  0003C
_BAUD1CON                                      (abs)        0011F
_EUSART_DefaultErrorHandler                    (abs)        00000
_EUSART_DefaultFramingErrorHandler             (abs)        00000
_EUSART_DefaultOverrunErrorHandler             (abs)        00000
_EUSART_ErrorHandler                           nvBANK0      00063
_EUSART_FramingErrorHandler                    nvBANK0      00067
_EUSART_Initialize                             text6        005A8
_EUSART_OverrunErrorHandler                    nvBANK0      00065
_EUSART_SetErrorHandler                        text9        00F7F
_EUSART_SetFramingErrorHandler                 text8        00F85
_EUSART_SetOverrunErrorHandler                 text7        00F8B
_EUSART_Write                                  text19       00FE7
_I2C1_CallbackReturnReset                      text67       00002
_I2C1_CallbackReturnStop                       text68       00F0D
_I2C1_Close                                    text36       006E3
_I2C1_DO_ADDRESS_NACK                          text44       00580
_I2C1_DO_IDLE                                  text58       00F41
_I2C1_DO_RCEN                                  text53       00F97
_I2C1_DO_RESET                                 text45       00F69
_I2C1_DO_RX                                    text54       0043D
_I2C1_DO_RX_ACK                                text48       00F5A
_I2C1_DO_RX_NACK_RESTART                       text46       00F64
_I2C1_DO_RX_NACK_STOP                          text47       00F5F
_I2C1_DO_SEND_ADR_READ                         text57       00FB5
_I2C1_DO_SEND_ADR_WRITE                        text56       00FA5
_I2C1_DO_SEND_RESTART                          text50       00F50
_I2C1_DO_SEND_RESTART_READ                     text52       00F46
_I2C1_DO_SEND_RESTART_WRITE                    text51       00F4B
_I2C1_DO_SEND_STOP                             text49       00F55
_I2C1_DO_TX                                    text55       00357
_I2C1_DO_TX_EMPTY                              text59       00500
_I2C1_Initialize                               text5        00FBE
_I2C1_MasterClearIrq                           text39       00F21
_I2C1_MasterClose                              text38       00F24
_I2C1_MasterDisableIrq                         text37       00F27
_I2C1_MasterEnableIrq                          text32       00F2D
_I2C1_MasterEnableRestart                      text78       00F0F
_I2C1_MasterFsm                                text42       00558
_I2C1_MasterGetRxData                          text64       00F18
_I2C1_MasterIsNack                             text61       00F73
_I2C1_MasterIsr                                text41       00F38
_I2C1_MasterOpen                               text31       00FF3
_I2C1_MasterOperation                          text34       006B0
_I2C1_MasterSendAck                            text63       00F34
_I2C1_MasterSendNack                           text65       00F30
_I2C1_MasterSendTxData                         text62       00F3C
_I2C1_MasterSetIrq                             text60       00F1B
_I2C1_MasterStart                              text35       00F2A
_I2C1_MasterStartRx                            text66       00F15
_I2C1_MasterStop                               text77       00F12
_I2C1_MasterWrite                              text33       00F6E
_I2C1_Open                                     text29       00480
_I2C1_SetAddressNackCallback                   text27       00FDB
_I2C1_SetBuffer                                text26       007D9
_I2C1_SetCallback                              text28       005CD
_I2C1_SetDataCompleteCallback                  text75       00FD0
_I2C1_SetInterruptHandler                      text30       00F79
_I2C1_Status                                   bssBANK0     00020
_I2C1_WriteNBytes                              text25       0052D
_INLVLA                                        (abs)        01F3C
_INLVLB                                        (abs)        01F47
_INLVLC                                        (abs)        01F52
_INLVLD                                        (abs)        01F5D
_INLVLE                                        (abs)        01F68
_INTCONbits                                    (abs)        0000B
_INTERRUPT_InterruptManager                    intentry     00004
_LATA                                          (abs)        00016
_LATB                                          (abs)        00017
_LATC                                          (abs)        00018
_LATD                                          (abs)        00019
_LATE                                          (abs)        0001A
_MSSP1_InterruptHandler                        bssCOMMON    0007C
_ODCONA                                        (abs)        01F3A
_ODCONB                                        (abs)        01F45
_ODCONC                                        (abs)        01F50
_ODCOND                                        (abs)        01F5B
_ODCONE                                        (abs)        01F66
_OSCCON1                                       (abs)        0088D
_OSCCON3                                       (abs)        0088F
_OSCEN                                         (abs)        00891
_OSCFRQ                                        (abs)        00893
_OSCILLATOR_Initialize                         text4        00FC7
_OSCTUNE                                       (abs)        00892
_Oled_Clear                                    text21       00692
_Oled_Fill                                     text20       00674
_Oled_Init                                     text13       0021C
_Oled_SelectPage                               text23       00725
_Oled_WriteCharacter                           text11       004C1
_Oled_WriteString                              text10       006CA
_PIE3bits                                      (abs)        00719
_PIN_MANAGER_Initialize                        text3        003F4
_PIR3bits                                      (abs)        0070F
_PMD0                                          (abs)        00796
_PMD1                                          (abs)        00797
_PMD2                                          (abs)        00798
_PMD3                                          (abs)        00799
_PMD4                                          (abs)        0079A
_PMD5                                          (abs)        0079B
_PMD_Initialize                                text2        00FAD
_RB6PPS                                        (abs)        01F1E
_RC1REG                                        (abs)        00119
_RC1STA                                        (abs)        0011D
_RC1STAbits                                    (abs)        0011D
_RC3PPS                                        (abs)        01F23
_RC4PPS                                        (abs)        01F24
_RXPPS                                         (abs)        01ECB
_SLRCONA                                       (abs)        01F3B
_SLRCONB                                       (abs)        01F46
_SLRCONC                                       (abs)        01F51
_SLRCOND                                       (abs)        01F5C
_SLRCONE                                       (abs)        01F67
_SP1BRGH                                       (abs)        0011C
_SP1BRGL                                       (abs)        0011B
_SSP1ADD                                       (abs)        0018D
_SSP1BUF                                       (abs)        0018C
_SSP1CLKPPS                                    (abs)        01EC5
_SSP1CON1                                      (abs)        00190
_SSP1CON1bits                                  (abs)        00190
_SSP1CON2                                      (abs)        00191
_SSP1CON2bits                                  (abs)        00191
_SSP1DATPPS                                    (abs)        01EC6
_SSP1STAT                                      (abs)        0018F
_SSP1STATbits                                  (abs)        0018F
_SYSTEM_Initialize                             text1        0078C
_TRISA                                         (abs)        00011
_TRISB                                         (abs)        00012
_TRISC                                         (abs)        00013
_TRISD                                         (abs)        00014
_TRISE                                         (abs)        00015
_TX1REG                                        (abs)        0011A
_TX1STA                                        (abs)        0011E
_TX1STAbits                                    (abs)        0011E
_WPUA                                          (abs)        01F39
_WPUB                                          (abs)        01F44
_WPUC                                          (abs)        01F4F
_WPUD                                          (abs)        01F5A
_WPUE                                          (abs)        01F65
__H__absolute__                                __absolute__ 00000
__Habs1                                        abs1         00000
__Hbank0                                       bank0        00000
__Hbank1                                       bank1        00000
__Hbank10                                      bank10       00000
__Hbank11                                      bank11       00000
__Hbank12                                      bank12       00000
__Hbank13                                      bank13       00000
__Hbank14                                      bank14       00000
__Hbank15                                      bank15       00000
__Hbank16                                      bank16       00000
__Hbank17                                      bank17       00000
__Hbank18                                      bank18       00000
__Hbank19                                      bank19       00000
__Hbank2                                       bank2        00000
__Hbank20                                      bank20       00000
__Hbank21                                      bank21       00000
__Hbank22                                      bank22       00000
__Hbank23                                      bank23       00000
__Hbank24                                      bank24       00000
__Hbank25                                      bank25       00000
__Hbank26                                      bank26       00000
__Hbank27                                      bank27       00000
__Hbank28                                      bank28       00000
__Hbank29                                      bank29       00000
__Hbank3                                       bank3        00000
__Hbank30                                      bank30       00000
__Hbank31                                      bank31       00000
__Hbank32                                      bank32       00000
__Hbank33                                      bank33       00000
__Hbank34                                      bank34       00000
__Hbank35                                      bank35       00000
__Hbank36                                      bank36       00000
__Hbank37                                      bank37       00000
__Hbank38                                      bank38       00000
__Hbank39                                      bank39       00000
__Hbank4                                       bank4        00000
__Hbank40                                      bank40       00000
__Hbank41                                      bank41       00000
__Hbank42                                      bank42       00000
__Hbank43                                      bank43       00000
__Hbank44                                      bank44       00000
__Hbank45                                      bank45       00000
__Hbank46                                      bank46       00000
__Hbank47                                      bank47       00000
__Hbank48                                      bank48       00000
__Hbank49                                      bank49       00000
__Hbank5                                       bank5        00000
__Hbank50                                      bank50       00000
__Hbank51                                      bank51       00000
__Hbank52                                      bank52       00000
__Hbank53                                      bank53       00000
__Hbank54                                      bank54       00000
__Hbank55                                      bank55       00000
__Hbank56                                      bank56       00000
__Hbank57                                      bank57       00000
__Hbank58                                      bank58       00000
__Hbank59                                      bank59       00000
__Hbank6                                       bank6        00000
__Hbank60                                      bank60       00000
__Hbank61                                      bank61       00000
__Hbank62                                      bank62       00000
__Hbank63                                      bank63       00000
__Hbank7                                       bank7        00000
__Hbank8                                       bank8        00000
__Hbank9                                       bank9        00000
__Hbigram                                      bigram       00000
__HbssBANK0                                    bssBANK0     00000
__HbssBANK1                                    bssBANK1     00000
__HbssCOMMON                                   bssCOMMON    00000
__Hcinit                                       cinit        0003C
__Hclrtext                                     clrtext      00000
__Hcode                                        code         00000
__Hcommon                                      common       00000
__Hconfig                                      config       0800C
__HcstackBANK0                                 cstackBANK0  00000
__HcstackCOMMON                                cstackCOMMON 00000
__Heeprom_data                                 eeprom_data  00000
__Hend_init                                    end_init     00026
__Hfunctab                                     functab      00000
__Hheap                                        heap         00000
__Hinit                                        init         00024
__Hintentry                                    intentry     00024
__Hmaintext                                    maintext     00000
__HnvBANK0                                     nvBANK0      00000
__Hpowerup                                     powerup      00000
__Hram                                         ram          00000
__Hreset_vec                                   reset_vec    00002
__Hsfr0                                        sfr0         00000
__Hsfr1                                        sfr1         00000
__Hsfr10                                       sfr10        00000
__Hsfr11                                       sfr11        00000
__Hsfr12                                       sfr12        00000
__Hsfr13                                       sfr13        00000
__Hsfr14                                       sfr14        00000
__Hsfr15                                       sfr15        00000
__Hsfr16                                       sfr16        00000
__Hsfr17                                       sfr17        00000
__Hsfr18                                       sfr18        00000
__Hsfr19                                       sfr19        00000
__Hsfr2                                        sfr2         00000
__Hsfr20                                       sfr20        00000
__Hsfr21                                       sfr21        00000
__Hsfr22                                       sfr22        00000
__Hsfr23                                       sfr23        00000
__Hsfr24                                       sfr24        00000
__Hsfr25                                       sfr25        00000
__Hsfr26                                       sfr26        00000
__Hsfr27                                       sfr27        00000
__Hsfr28                                       sfr28        00000
__Hsfr29                                       sfr29        00000
__Hsfr3                                        sfr3         00000
__Hsfr30                                       sfr30        00000
__Hsfr31                                       sfr31        00000
__Hsfr32                                       sfr32        00000
__Hsfr33                                       sfr33        00000
__Hsfr34                                       sfr34        00000
__Hsfr35                                       sfr35        00000
__Hsfr36                                       sfr36        00000
__Hsfr37                                       sfr37        00000
__Hsfr38                                       sfr38        00000
__Hsfr39                                       sfr39        00000
__Hsfr4                                        sfr4         00000
__Hsfr40                                       sfr40        00000
__Hsfr41                                       sfr41        00000
__Hsfr42                                       sfr42        00000
__Hsfr43                                       sfr43        00000
__Hsfr44                                       sfr44        00000
__Hsfr45                                       sfr45        00000
__Hsfr46                                       sfr46        00000
__Hsfr47                                       sfr47        00000
__Hsfr48                                       sfr48        00000
__Hsfr49                                       sfr49        00000
__Hsfr5                                        sfr5         00000
__Hsfr50                                       sfr50        00000
__Hsfr51                                       sfr51        00000
__Hsfr52                                       sfr52        00000
__Hsfr53                                       sfr53        00000
__Hsfr54                                       sfr54        00000
__Hsfr55                                       sfr55        00000
__Hsfr56                                       sfr56        00000
__Hsfr57                                       sfr57        00000
__Hsfr58                                       sfr58        00000
__Hsfr59                                       sfr59        00000
__Hsfr6                                        sfr6         00000
__Hsfr60                                       sfr60        00000
__Hsfr61                                       sfr61        00000
__Hsfr62                                       sfr62        00000
__Hsfr63                                       sfr63        00000
__Hsfr7                                        sfr7         00000
__Hsfr8                                        sfr8         00000
__Hsfr9                                        sfr9         00000
__Hspace_0                                     (abs)        01012
__Hspace_1                                     (abs)        000C0
__Hspace_2                                     (abs)        00000
__Hspace_3                                     (abs)        00000
__Hspace_4                                     (abs)        10013
__Hstack                                       stack        00000
__Hstrings                                     strings      00000
__Hstringtext1                                 stringtext1  00000
__Hstringtext2                                 stringtext2  00000
__Hstringtext3                                 stringtext3  00000
__Hstringtext4                                 stringtext4  00000
__Hstringtext5                                 stringtext5  00000
__Hstringtext6                                 stringtext6  00000
__Hstringtext7                                 stringtext7  00000
__Hstringtext8                                 stringtext8  00000
__Hstringtext9                                 stringtext9  00000
__Htext                                        text         00000
__L__absolute__                                __absolute__ 00000
__Labs1                                        abs1         00000
__Lbank0                                       bank0        00000
__Lbank1                                       bank1        00000
__Lbank10                                      bank10       00000
__Lbank11                                      bank11       00000
__Lbank12                                      bank12       00000
__Lbank13                                      bank13       00000
__Lbank14                                      bank14       00000
__Lbank15                                      bank15       00000
__Lbank16                                      bank16       00000
__Lbank17                                      bank17       00000
__Lbank18                                      bank18       00000
__Lbank19                                      bank19       00000
__Lbank2                                       bank2        00000
__Lbank20                                      bank20       00000
__Lbank21                                      bank21       00000
__Lbank22                                      bank22       00000
__Lbank23                                      bank23       00000
__Lbank24                                      bank24       00000
__Lbank25                                      bank25       00000
__Lbank26                                      bank26       00000
__Lbank27                                      bank27       00000
__Lbank28                                      bank28       00000
__Lbank29                                      bank29       00000
__Lbank3                                       bank3        00000
__Lbank30                                      bank30       00000
__Lbank31                                      bank31       00000
__Lbank32                                      bank32       00000
__Lbank33                                      bank33       00000
__Lbank34                                      bank34       00000
__Lbank35                                      bank35       00000
__Lbank36                                      bank36       00000
__Lbank37                                      bank37       00000
__Lbank38                                      bank38       00000
__Lbank39                                      bank39       00000
__Lbank4                                       bank4        00000
__Lbank40                                      bank40       00000
__Lbank41                                      bank41       00000
__Lbank42                                      bank42       00000
__Lbank43                                      bank43       00000
__Lbank44                                      bank44       00000
__Lbank45                                      bank45       00000
__Lbank46                                      bank46       00000
__Lbank47                                      bank47       00000
__Lbank48                                      bank48       00000
__Lbank49                                      bank49       00000
__Lbank5                                       bank5        00000
__Lbank50                                      bank50       00000
__Lbank51                                      bank51       00000
__Lbank52                                      bank52       00000
__Lbank53                                      bank53       00000
__Lbank54                                      bank54       00000
__Lbank55                                      bank55       00000
__Lbank56                                      bank56       00000
__Lbank57                                      bank57       00000
__Lbank58                                      bank58       00000
__Lbank59                                      bank59       00000
__Lbank6                                       bank6        00000
__Lbank60                                      bank60       00000
__Lbank61                                      bank61       00000
__Lbank62                                      bank62       00000
__Lbank63                                      bank63       00000
__Lbank7                                       bank7        00000
__Lbank8                                       bank8        00000
__Lbank9                                       bank9        00000
__Lbigram                                      bigram       00000
__LbssBANK0                                    bssBANK0     00000
__LbssBANK1                                    bssBANK1     00000
__LbssCOMMON                                   bssCOMMON    00000
__Lcinit                                       cinit        00026
__Lclrtext                                     clrtext      00000
__Lcode                                        code         00000
__Lcommon                                      common       00000
__Lconfig                                      config       00000
__LcstackBANK0                                 cstackBANK0  00000
__LcstackCOMMON                                cstackCOMMON 00000
__Leeprom_data                                 eeprom_data  00000
__Lend_init                                    end_init     00024
__Lfunctab                                     functab      00000
__Lheap                                        heap         00000
__Linit                                        init         00024
__Lintentry                                    intentry     00004
__Lmaintext                                    maintext     00000
__LnvBANK0                                     nvBANK0      00000
__Lpowerup                                     powerup      00000
__Lram                                         ram          00000
__Lreset_vec                                   reset_vec    00000
__Lsfr0                                        sfr0         00000
__Lsfr1                                        sfr1         00000
__Lsfr10                                       sfr10        00000
__Lsfr11                                       sfr11        00000
__Lsfr12                                       sfr12        00000
__Lsfr13                                       sfr13        00000
__Lsfr14                                       sfr14        00000
__Lsfr15                                       sfr15        00000
__Lsfr16                                       sfr16        00000
__Lsfr17                                       sfr17        00000
__Lsfr18                                       sfr18        00000
__Lsfr19                                       sfr19        00000
__Lsfr2                                        sfr2         00000
__Lsfr20                                       sfr20        00000
__Lsfr21                                       sfr21        00000
__Lsfr22                                       sfr22        00000
__Lsfr23                                       sfr23        00000
__Lsfr24                                       sfr24        00000
__Lsfr25                                       sfr25        00000
__Lsfr26                                       sfr26        00000
__Lsfr27                                       sfr27        00000
__Lsfr28                                       sfr28        00000
__Lsfr29                                       sfr29        00000
__Lsfr3                                        sfr3         00000
__Lsfr30                                       sfr30        00000
__Lsfr31                                       sfr31        00000
__Lsfr32                                       sfr32        00000
__Lsfr33                                       sfr33        00000
__Lsfr34                                       sfr34        00000
__Lsfr35                                       sfr35        00000
__Lsfr36                                       sfr36        00000
__Lsfr37                                       sfr37        00000
__Lsfr38                                       sfr38        00000
__Lsfr39                                       sfr39        00000
__Lsfr4                                        sfr4         00000
__Lsfr40                                       sfr40        00000
__Lsfr41                                       sfr41        00000
__Lsfr42                                       sfr42        00000
__Lsfr43                                       sfr43        00000
__Lsfr44                                       sfr44        00000
__Lsfr45                                       sfr45        00000
__Lsfr46                                       sfr46        00000
__Lsfr47                                       sfr47        00000
__Lsfr48                                       sfr48        00000
__Lsfr49                                       sfr49        00000
__Lsfr5                                        sfr5         00000
__Lsfr50                                       sfr50        00000
__Lsfr51                                       sfr51        00000
__Lsfr52                                       sfr52        00000
__Lsfr53                                       sfr53        00000
__Lsfr54                                       sfr54        00000
__Lsfr55                                       sfr55        00000
__Lsfr56                                       sfr56        00000
__Lsfr57                                       sfr57        00000
__Lsfr58                                       sfr58        00000
__Lsfr59                                       sfr59        00000
__Lsfr6                                        sfr6         00000
__Lsfr60                                       sfr60        00000
__Lsfr61                                       sfr61        00000
__Lsfr62                                       sfr62        00000
__Lsfr63                                       sfr63        00000
__Lsfr7                                        sfr7         00000
__Lsfr8                                        sfr8         00000
__Lsfr9                                        sfr9         00000
__Lspace_0                                     (abs)        00000
__Lspace_1                                     (abs)        00000
__Lspace_2                                     (abs)        00000
__Lspace_3                                     (abs)        00000
__Lspace_4                                     (abs)        00000
__Lstack                                       stack        00000
__Lstrings                                     strings      00000
__Lstringtext1                                 stringtext1  00000
__Lstringtext2                                 stringtext2  00000
__Lstringtext3                                 stringtext3  00000
__Lstringtext4                                 stringtext4  00000
__Lstringtext5                                 stringtext5  00000
__Lstringtext6                                 stringtext6  00000
__Lstringtext7                                 stringtext7  00000
__Lstringtext8                                 stringtext8  00000
__Lstringtext9                                 stringtext9  00000
__Ltext                                        text         00000
__S0                                           (abs)        01012
__S1                                           (abs)        000C0
__S3                                           (abs)        00000
___heap_hi                                     (abs)        00000
___heap_lo                                     (abs)        00000
___int_sp                                      stack        00000
___latbits                                     (abs)        00004
___sp                                          stack        00000
___stackhi                                     (abs)        00000
___stacklo                                     (abs)        00000
___wmul                                        text12       00636
___wmul@multiplicand                           cstackBANK0  00045
___wmul@multiplier                             cstackBANK0  00043
___wmul@product                                cstackBANK0  00047
__end_of_ASCII                                 stringtext1  0021C
__end_of_EUSART_Initialize                     text6        005CD
__end_of_EUSART_SetErrorHandler                text9        00F85
__end_of_EUSART_SetFramingErrorHandler         text8        00F8B
__end_of_EUSART_SetOverrunErrorHandler         text7        00F91
__end_of_EUSART_Write                          text19       00FF3
__end_of_I2C1_CallbackReturnReset              text67       00004
[...]
__end_of_I2C1_DO_SEND_RESTART_READ             text52       00F4B
__end_of_I2C1_DO_SEND_RESTART_WRITE            text51       00F50
__end_of_I2C1_DO_SEND_STOP                     text49       00F5A
__end_of_I2C1_DO_TX                            text55       003AA
__end_of_I2C1_DO_TX_EMPTY                      text59       0052D
__end_of_I2C1_Initialize                       text5        00FC7
__end_of_I2C1_MasterClearIrq                   text39       00F24
__end_of_I2C1_MasterClose                      text38       00F27
__end_of_I2C1_MasterDisableIrq                 text37       00F2A
__end_of_I2C1_MasterEnableIrq                  text32       00F30
__end_of_I2C1_MasterEnableRestart              text78       00F12
__end_of_I2C1_MasterFsm                        text42       00580
__end_of_I2C1_MasterGetRxData                  text64       00F1B
__end_of_I2C1_MasterIsNack                     text61       00F79
__end_of_I2C1_MasterIsr                        text41       00F3C
__end_of_I2C1_MasterOpen                       text31       01000
__end_of_I2C1_MasterOperation                  text34       006CA
__end_of_I2C1_MasterSendAck                    text63       00F38
__end_of_I2C1_MasterSendNack                   text65       00F34
__end_of_I2C1_MasterSendTxData                 text62       00F41
__end_of_I2C1_MasterSetIrq                     text60       00F1E
__end_of_I2C1_MasterStart                      text35       00F2D
__end_of_I2C1_MasterStartRx                    text66       00F18
__end_of_I2C1_MasterStop                       text77       00F15
__end_of_I2C1_MasterWrite                      text33       00F73
__end_of_I2C1_Open                             text29       004C1
__end_of_I2C1_SetAddressNackCallback           text27       00FE7
__end_of_I2C1_SetBuffer                        text26       007E7
__end_of_I2C1_SetCallback                      text28       005F2
__end_of_I2C1_SetDataCompleteCallback          text75       00FDB
__end_of_I2C1_SetInterruptHandler              text30       00F7F
__end_of_I2C1_WriteNBytes                      text25       00558
__end_of_INTERRUPT_InterruptManager            intentry     00024
__end_of_OSCILLATOR_Initialize                 text4        00FD0
__end_of_Oled_Clear                            text21       006B0
__end_of_Oled_Fill                             text20       00692
__end_of_Oled_Init                             text13       0028D
__end_of_Oled_SelectPage                       text23       00737
__end_of_Oled_WriteCharacter                   text11       00500
__end_of_Oled_WriteString                      text10       006E3
__end_of_PIN_MANAGER_Initialize                text3        0043D
__end_of_PMD_Initialize                        text2        00FB5
__end_of_SYSTEM_Initialize                     text1        0079C
__end_of___wmul                                text12       00656
__end_of__initialization                       cinit        00038
__end_of_fputc                                 text17       00357
__end_of_i2c1_fsmStateTable                    stringtext2  00636
__end_of_main                                  maintext     002F8
__end_of_printf                                text14       007AC
__end_of_putch                                 text18       00FA5
__end_of_rd1RegCompleteHandler                 text72       0077B
__end_of_rd2RegCompleteHandler                 text71       0076A
__end_of_rdBlkRegCompleteHandler               text69       00713
__end_of_ssd1306_Data                          text22       00748
__end_of_ssd1306_command                       text24       007BC
__end_of_vfpfcnvrt                             text16       003F4
__end_of_vfprintf                              text15       00674
__end_of_wr1RegCompleteHandler                 text70       00759
__end_of_wr2RegCompleteHandler                 text73       0078C
__end_ofi1_I2C1_MasterClearIrq                 text43       00F21
__end_ofi1_I2C1_SetBuffer                      text74       007F5
__end_ofi1_I2C1_SetCallback                    text76       00616
__initialization                               cinit        00026
__pbssBANK0                                    bssBANK0     00020
__pbssBANK1                                    bssBANK1     000A0
__pbssCOMMON                                   bssCOMMON    0007C
__pcstackBANK0                                 cstackBANK0  00043
__pcstackCOMMON                                cstackCOMMON 00070
__pintentry                                    intentry     00004
__pmaintext                                    maintext     0028D
__pnvBANK0                                     nvBANK0      00063
__pstringtext1                                 stringtext1  0003C
__pstringtext2                                 stringtext2  00616
__pstringtext3                                 stringtext3  00713
__pstringtext4                                 stringtext4  007BC
__pstringtext5                                 stringtext5  007CB
__pstringtext6                                 stringtext6  007F5
__pstringtext7                                 stringtext7  01000
__pstringtext8                                 stringtext8  0100B
__pstringtext9                                 stringtext9  00000
__ptext1                                       text1        0078C
__ptext10                                      text10       006CA
__ptext11                                      text11       004C1
__ptext12                                      text12       00636
__ptext13                                      text13       0021C
__ptext14                                      text14       0079C
__ptext15                                      text15       00656
__ptext16                                      text16       003AA
__ptext17                                      text17       002F8
__ptext18                                      text18       00F9E
__ptext19                                      text19       00FE7
__ptext2                                       text2        00FAD
__ptext20                                      text20       00674
__ptext21                                      text21       00692
__ptext22                                      text22       00737
__ptext23                                      text23       00725
__ptext24                                      text24       007AC
__ptext25                                      text25       0052D
__ptext26                                      text26       007D9
__ptext27                                      text27       00FDB
__ptext28                                      text28       005CD
__ptext29                                      text29       00480
__ptext3                                       text3        003F4
__ptext30                                      text30       00F79
__ptext31                                      text31       00FF3
__ptext32                                      text32       00F2D
__ptext33                                      text33       00F6E
__ptext34                                      text34       006B0
__ptext35                                      text35       00F2A
__ptext36                                      text36       006E3
__ptext37                                      text37       00F27
__ptext38                                      text38       00F24
__ptext39                                      text39       00F21
__ptext4                                       text4        00FC7
__ptext41                                      text41       00F38
__ptext42                                      text42       00558
__ptext43                                      text43       00F1E
__ptext44                                      text44       00580
__ptext45                                      text45       00F69
__ptext46                                      text46       00F64
__ptext47                                      text47       00F5F
__ptext48                                      text48       00F5A
__ptext49                                      text49       00F55
__ptext5                                       text5        00FBE
__ptext50                                      text50       00F50
__ptext51                                      text51       00F4B
__ptext52                                      text52       00F46
__ptext53                                      text53       00F97
__ptext54                                      text54       0043D
__ptext55                                      text55       00357
__ptext56                                      text56       00FA5
__ptext57                                      text57       00FB5
__ptext58                                      text58       00F41
__ptext59                                      text59       00500
__ptext6                                       text6        005A8
__ptext60                                      text60       00F1B
__ptext61                                      text61       00F73
__ptext62                                      text62       00F3C
__ptext63                                      text63       00F34
__ptext64                                      text64       00F18
__ptext65                                      text65       00F30
__ptext66                                      text66       00F15
__ptext67                                      text67       00002
__ptext68                                      text68       00F0D
__ptext69                                      text69       006FB
__ptext7                                       text7        00F8B
__ptext70                                      text70       00748
__ptext71                                      text71       00759
__ptext72                                      text72       0076A
__ptext73                                      text73       0077B
__ptext74                                      text74       007E7
__ptext75                                      text75       00FD0
__ptext76                                      text76       005F2
__ptext77                                      text77       00F12
__ptext78                                      text78       00F0F
__ptext8                                       text8        00F85
__ptext9                                       text9        00F7F
_eusartRxLastError                             bssBANK0     00042
_flags                                         bssBANK0     00041
_fputc                                         text17       002F8
_i2c1_fsmStateTable                            stringtext2  00616
_main                                          maintext     0028D
_prec                                          bssBANK0     0003F
_printf                                        text14       0079C
_putch                                         text18       00F9E
_rd1RegCompleteHandler                         text72       0076A
_rd2RegCompleteHandler                         text71       00759
_rdBlkRegCompleteHandler                       text69       006FB
_ssd1306_Data                                  text22       00737
_ssd1306_command                               text24       007AC
_vfpfcnvrt                                     text16       003AA
_vfprintf                                      text15       00656
_width                                         bssBANK0     0003D
_wr1RegCompleteHandler                         text70       00748
_wr2RegCompleteHandler                         text73       0077B
btemp                                          (abs)        0007E
clear_ram0                                     clrtext      00F91
end_of_initialization                          cinit        00038
fputc@c                                        cstackBANK0  00045
fputc@fp                                       cstackBANK0  00047
i1I2C1_SetBuffer@buffer                        cstackCOMMON 00072
i1I2C1_SetBuffer@bufferSize                    cstackCOMMON 00070
i1I2C1_SetCallback@cb                          cstackCOMMON 00070
i1I2C1_SetCallback@idx                         cstackCOMMON 00073
i1I2C1_SetCallback@ptr                         cstackCOMMON 00072
i1_I2C1_MasterClearIrq                         text43       00F1E
i1_I2C1_SetBuffer                              text74       007E7
i1_I2C1_SetCallback                            text76       005F2
int$flags                                      (abs)        0007E
intlevel0                                      functab      00000
intlevel1                                      functab      00000
intlevel2                                      functab      00000
intlevel3                                      functab      00000
intlevel4                                      functab      00000
intlevel5                                      functab      00000
printf@ap                                      cstackBANK0  00060
printf@fmt                                     cstackBANK0  0005E
putch@txData                                   cstackBANK0  00044
rd1RegCompleteHandler@ptr                      cstackCOMMON 00077
rd2RegCompleteHandler@ptr                      cstackCOMMON 00077
rdBlkRegCompleteHandler@ptr                    cstackCOMMON 00077
reset_vec                                      reset_vec    00000
ssd1306_Data@data_I2C                          cstackBANK0  00050
ssd1306_Data@value                             cstackBANK0  0004F
ssd1306_command@command                        cstackBANK0  0004F
ssd1306_command@data_I2C                       cstackBANK0  00050
start                                          init         00024
start_initialization                           cinit        00026
vfpfcnvrt@ap                                   cstackBANK0  00051
vfpfcnvrt@fmt                                  cstackBANK0  00050
vfpfcnvrt@fp                                   cstackBANK0  0004E
vfprintf@ap                                    cstackBANK0  0005A
vfprintf@cfmt                                  cstackBANK0  0005C
vfprintf@fmt                                   cstackBANK0  00058
vfprintf@fp                                    cstackBANK0  00056
wr1RegCompleteHandler@ptr                      cstackCOMMON 00077
wr2RegCompleteHandler@ptr                      cstackCOMMON 00077
wtemp0                                         (abs)        0007E


MODULE INFORMATION

Module		Function		Class		Link	Load	Size
mcc_generated_files/examples/i2c1_master_example.c
		_wr1RegCompleteHandler		CODE           	0748	0000	17
		_wr2RegCompleteHandler		CODE           	077B	0000	17
		_rdBlkRegCompleteHandler		CODE           	06FB	0000	24
		_rd1RegCompleteHandler		CODE           	076A	0000	17
		_rd2RegCompleteHandler		CODE           	0759	0000	17
		_I2C1_WriteNBytes		CODE           	052D	0000	43

mcc_generated_files/examples/i2c1_master_example.c estimated size: 135

mcc_generated_files/i2c1_master.c
		_I2C1_DO_SEND_RESTART		CODE           	0F50	0000	5
		_I2C1_DO_TX_EMPTY		CODE           	0500	0000	45
		_I2C1_DO_SEND_RESTART_READ		CODE           	0F46	0000	5
		_I2C1_CallbackReturnStop		CODE           	0F0D	0000	2
		_I2C1_DO_RX    		CODE           	043D	0000	67
		_I2C1_DO_TX    		CODE           	0357	0000	83
		_I2C1_SetAddressNackCallback		CODE           	0FDB	0000	12
		_I2C1_DO_IDLE  		CODE           	0F41	0000	5
		_I2C1_MasterOpen		CODE           	0FF3	0000	13
		_I2C1_DO_RCEN  		CODE           	0F97	0000	7
		_I2C1_MasterSendTxData		CODE           	0F3C	0000	5
		_I2C1_MasterStop		CODE           	0F12	0000	3
		_I2C1_CallbackReturnReset		CODE           	0002	0000	2
		_I2C1_DO_RESET 		CODE           	0F69	0000	5
		_I2C1_MasterStartRx		CODE           	0F15	0000	3
		_I2C1_DO_RX_ACK		CODE           	0F5A	0000	5
		_I2C1_MasterSendNack		CODE           	0F30	0000	4
		_I2C1_DO_RX_NACK_RESTART		CODE           	0F64	0000	5
		_I2C1_MasterDisableIrq		CODE           	0F27	0000	3
		_I2C1_MasterOperation		CODE           	06B0	0000	26
		_I2C1_SetCallback		CODE           	05CD	0000	37
		_I2C1_MasterEnableRestart		CODE           	0F0F	0000	3
		_I2C1_Open     		CODE           	0480	0000	65
		_I2C1_DO_ADDRESS_NACK		CODE           	0580	0000	40
		_I2C1_SetBuffer		CODE           	07D9	0000	14
		_I2C1_DO_SEND_RESTART_WRITE		CODE           	0F4B	0000	5
		_I2C1_MasterClose		CODE           	0F24	0000	3
		_I2C1_MasterWrite		CODE           	0F6E	0000	5
		_I2C1_Initialize		CODE           	0FBE	0000	9
		_I2C1_Close    		CODE           	06E3	0000	24
		_I2C1_MasterIsNack		CODE           	0F73	0000	6
		_I2C1_MasterStart		CODE           	0F2A	0000	3
		_I2C1_DO_SEND_ADR_WRITE		CODE           	0FA5	0000	8
		_I2C1_MasterClearIrq		CODE           	0F21	0000	3
		_I2C1_SetDataCompleteCallback		CODE           	0FD0	0000	11
		_I2C1_DO_SEND_STOP		CODE           	0F55	0000	5
		_I2C1_MasterSendAck		CODE           	0F34	0000	4
		_I2C1_MasterFsm		CODE           	0558	0000	40
		_I2C1_MasterIsr		CODE           	0F38	0000	4
		_I2C1_MasterGetRxData		CODE           	0F18	0000	3
		_I2C1_SetInterruptHandler		CODE           	0F79	0000	6
		_I2C1_MasterSetIrq		CODE           	0F1B	0000	3
		_I2C1_DO_SEND_ADR_READ		CODE           	0FB5	0000	9
		_I2C1_MasterEnableIrq		CODE           	0F2D	0000	3
		_I2C1_DO_RX_NACK_STOP		CODE           	0F5F	0000	5

mcc_generated_files/i2c1_master.c estimated size: 623

mcc_generated_files/interrupt_manager.c
		_INTERRUPT_InterruptManager		CODE           	0004	0000	32

mcc_generated_files/interrupt_manager.c estimated size: 32

C:\Program Files\Microchip\xc8\v2.41\pic\sources\c99\common\nf_fputc.c
		_fputc         		CODE           	02F8	0000	95

C:\Program Files\Microchip\xc8\v2.41\pic\sources\c99\common\nf_fputc.c estimated size: 95

mcc_generated_files/pin_manager.c
		_PIN_MANAGER_Initialize		CODE           	03F4	0000	73

mcc_generated_files/pin_manager.c estimated size: 73

C:\Program Files\Microchip\xc8\v2.41\pic\sources\c99\common\doprnt.c
		_vfpfcnvrt     		CODE           	03AA	0000	74
		_vfprintf      		CODE           	0656	0000	30

C:\Program Files\Microchip\xc8\v2.41\pic\sources\c99\common\doprnt.c estimated size: 104

shared
		i1_I2C1_SetBuffer		CODE           	07E7	0000	14
		_ASCII         		STRCODE        	003C	0000	480
		i1_I2C1_SetCallback		CODE           	05F2	0000	36
		__initialization		CODE           	0026	0000	18
		_i2c1_fsmStateTable		STRCODE        	0616	0000	32
		i1_I2C1_MasterClearIrq		CODE           	0F1E	0000	3

shared estimated size: 583

mcc_generated_files/mcc.c
		_PMD_Initialize		CODE           	0FAD	0000	8
		_OSCILLATOR_Initialize		CODE           	0FC7	0000	9
		_SYSTEM_Initialize		CODE           	078C	0000	16

mcc_generated_files/mcc.c estimated size: 33

OLED.c
		_Oled_WriteString		CODE           	06CA	0000	25
		_Oled_SelectPage		CODE           	0725	0000	18
		_Oled_WriteCharacter		CODE           	04C1	0000	63
		_ssd1306_command		CODE           	07AC	0000	16
		_Oled_Init     		CODE           	021C	0000	113
		_ssd1306_Data  		CODE           	0737	0000	17
		_Oled_Fill     		CODE           	0674	0000	30
		_Oled_Clear    		CODE           	0692	0000	30

OLED.c estimated size: 312

C:\Program Files\Microchip\xc8\v2.41\pic\sources\c99\common\Umul16.c
		___wmul        		CODE           	0636	0000	32

C:\Program Files\Microchip\xc8\v2.41\pic\sources\c99\common\Umul16.c estimated size: 32

mcc_generated_files/eusart.c
		_putch         		CODE           	0F9E	0000	7
		_EUSART_Write  		CODE           	0FE7	0000	12
		_EUSART_Initialize		CODE           	05A8	0000	37
		_EUSART_SetFramingErrorHandler		CODE           	0F85	0000	6
		_EUSART_SetErrorHandler		CODE           	0F7F	0000	6
		_EUSART_SetOverrunErrorHandler		CODE           	0F8B	0000	6

mcc_generated_files/eusart.c estimated size: 74

main.c
		_main          		CODE           	028D	0000	107

main.c estimated size: 107

C:\Program Files\Microchip\xc8\v2.41\pic\sources\c99\common\printf.c
		_printf        		CODE           	079C	0000	16

C:\Program Files\Microchip\xc8\v2.41\pic\sources\c99\common\printf.c estimated size: 16

